microsoft.com
youtube.com
